// Jest Snapshot v1, https://goo.gl/fbAQLP

exports[`Footer should return the Footer 1`] = `
<div
  className="Footer"
>
  Phantom Â© 2021 - 2022
</div>
`;
