// Jest Snapshot v1, https://goo.gl/fbAQLP

exports[`profile should take a snapshot 1`] = `ShallowWrapper {}`;
