// Jest Snapshot v1, https://goo.gl/fbAQLP

exports[`Footer should return the Footer 1`] = `ShallowWrapper {}`;
